
> g-buddy@0.2.0 build
> next build

   Ôû▓ Next.js 15.5.14
   - Environments: .env.local

   Creating an optimized production build ...
 Ô£ô Compiled successfully in 3.0s
   Linting and checking validity of types ...
node.exe : Failed to compile.
No linha:1 caractere:1
+ & "C:\Program Files\nodejs/node.exe" "C:\Users\mtper\AppData\Roaming\ ...
+ ~~~~~~~~~~~~~~~~~~~~~~~~~~~~~~~~~~~~~~~~~~~~~~~~~~~~~~~~~~~~~~~~~~~~~
    + CategoryInfo          : NotSpecified: (Failed to compile.:String) [], RemoteException
    + FullyQualifiedErrorId : NativeCommandError
 

./src/components/dashboard/dashboard-shell.tsx:438:434
Type error: Argument of type '{ strainName: string; stage: string; }' is not assignable to parameter of type 
'Partial<PlantProfile>'.
  Types of property 'stage' are incompatible.
    Type 'string' is not assignable to type 'GrowStage | undefined'.

[0m [90m 436 |[39m           [33m<[39m[33m/[39m[33mdiv[39m[33m>[39m
 [90m 437 |[39m           [33m<[39m[33mdiv[39m className[33m=[39m[32m"hidden md:block"[39m[33m>[39m
[31m[1m>[22m[39m[90m 438 |[39m             [33m<[39m[33mMemoizedAiAssistantPanel[39m 
locale[33m=[39m{locale} plant[33m=[39m{activePlant} plants[33m=[39m{plants} weather[33m=[39m{weather} 
onPlantUpdate[33m=[39m{updatePlant} onPatchPlant[33m=[39m{patchActivePlant} 
onSelectPlant[33m=[39m{setActivePlantId} onUpdateWateringData[33m=[39m{patchWateringData} 
onUpdateClimateData[33m=[39m{patchClimateData} onToggleNotification[33m=[39m{handleToggleNotification} 
notificationsEnabled[33m=[39m{notificationsEnabled} onAddNote[33m=[39m{handleAddAiNote} 
onCreatePlant[33m=[39m{(v) [33m=>[39m _addPlant(v)} calendarConfig[33m=[39m{calendarConfig} 
[33m/[39m[33m>[39m
 [90m     |[39m                                                                                                      
                                                                                                                       
                                                                                                                       
                                                                                              [31m[1m^[22m[39m
 [90m 439 |[39m           [33m<[39m[33m/[39m[33mdiv[39m[33m>[39m
 [90m 440 |[39m         [33m<[39m[33m/[39m[33mdiv[39m[33m>[39m
 [90m 441 |[39m[0m
Next.js build worker exited with code: 1 and signal: null
